{
    "test_scores profile": {
        "content": [
            6,
            {
                "COMPUTE_GENE_SCORES": {
                    "r-base": "4.2.3",
                    "r-dplyr": "1.1.4",
                    "r-tibble": "3.2.1",
                    "r-singscore": "1.18.0",
                    "r-GSVA": "1.46.0",
                    "r-yaml": "2.3.7",
                    "r-FactoMineR": 2.8,
                    "r-stringr": "1.5.0",
                    "r-matrixstats": null
                },
                "CREATE_ANNOTATED_TABLES": {
                    "r-base": "4.3.2",
                    "r-ggplot2": null,
                    "r-dplyr": "1.1.4",
                    "r-readr": "2.1.5"
                },
                "CREATE_GENE_HEATMAP": {
                    "r-base": "4.3.2",
                    "r-dplyr": null,
                    "r-ggplot2": null,
                    "r-rlang": "1.1.3",
                    "bioconductor-ComplexHeatmap": "2.18.0",
                    "r-circlize": "0.4.15",
                    "r-yaml": "2.3.7",
                    "r-fs": "1.6.2"
                },
                "NACHO_NORMALIZE": {
                    "r-base": "4.3.2",
                    "r-nacho": "2.0.6",
                    "r-dplyr": "1.1.4",
                    "r-ggplot2": "3.4.4",
                    "r-tidyr": "1.3.0",
                    "r-readr": "2.1.5",
                    "r-fs": "1.6.2"
                },
                "NACHO_QC": {
                    "r-base": "4.3.2",
                    "r-nacho": "2.0.6",
                    "r-dplyr": "1.1.4",
                    "r-ggplot2": "3.4.4",
                    "r-tidyr": "1.3.0",
                    "r-readr": "2.1.5",
                    "r-fs": "1.6.2"
                },
                "Workflow": {
                    "nf-core/nanostring": "v1.3.1dev"
                }
            },
            [
                "QC",
                "QC/NACHO",
                "QC/NACHO/NanoQC.html",
                "QC/NACHO/NanoQC_with_outliers.html",
                "QC/NACHO/hk_detected_mqc.txt",
                "QC/NACHO/normalized_qc_mqc.txt",
                "QC/NACHO/png",
                "QC/NACHO/png/AVG_vs_BD_mqc.png",
                "QC/NACHO/png/AVG_vs_MED_mqc.png",
                "QC/NACHO/png/BD_mqc.png",
                "QC/NACHO/png/FOV_mqc.png",
                "QC/NACHO/png/HKF_mqc.png",
                "QC/NACHO/png/HK_mqc.png",
                "QC/NACHO/png/LOD_mqc.png",
                "QC/NACHO/png/Neg_mqc.png",
                "QC/NACHO/png/PCA1_vs_PCA2_mqc.png",
                "QC/NACHO/png/PCA_mqc.png",
                "QC/NACHO/png/PCAi_mqc.png",
                "QC/NACHO/png/POSF_vs_NEGF_mqc.png",
                "QC/NACHO/png/Pos_mqc.png",
                "QC/NACHO/png/Pos_vs_neg_mqc.png",
                "QC/NACHO/png/Posctrl_linearity_mqc.png",
                "QC/NACHO/png/plot_normf_mqc.png",
                "annotated_tables",
                "gene_heatmaps",
                "gene_heatmaps/gene_heatmap_mqc.png",
                "gene_scores",
                "gene_scores/signature_scores_mqc.txt",
                "gene_scores/signature_scores_qc_mqc.txt",
                "multiqc",
                "multiqc/multiqc_data",
                "multiqc/multiqc_data/multiqc_Norm_GEX_ENDO-section-plot.txt",
                "multiqc/multiqc_data/multiqc_Norm_GEX_HK-section-plot.txt",
                "multiqc/multiqc_data/multiqc_citations.txt",
                "multiqc/multiqc_data/multiqc_data.json",
                "multiqc/multiqc_data/multiqc_nf-core-nanoflow-signature-score-qc-section-plot.txt",
                "multiqc/multiqc_data/multiqc_nf-core-nanoflow-signature-score-section-plot.txt",
                "multiqc/multiqc_data/multiqc_normalized_qc-section-plot.txt",
                "multiqc/multiqc_data/multiqc_software_versions.txt",
                "multiqc/multiqc_data/multiqc_sources.txt",
                "multiqc/multiqc_plots",
                "multiqc/multiqc_plots/pdf",
                "multiqc/multiqc_plots/png",
                "multiqc/multiqc_plots/svg",
                "multiqc/multiqc_report.html",
                "normalized_counts",
                "pipeline_info",
                "pipeline_info/nf_core_pipeline_software_mqc_versions.yml"
            ],
            [
                "hk_detected_mqc.txt:md5,61209383acc2abf6fc3ea309b5a5e094",
                "normalized_qc_mqc.txt:md5,9a0b015a28094a17331b12b08898da8e",
                "AVG_vs_BD_mqc.png:md5,06ba42cbbbbbfebd04cdcc1e609f5945",
                "AVG_vs_MED_mqc.png:md5,783d2149574bd725e595e1fadeb84927",
                "HKF_mqc.png:md5,a21a91e53904e74a81da92eff0260816",
                "PCA1_vs_PCA2_mqc.png:md5,a07d944ed0ed85f814143eebcf8ae507",
                "PCA_mqc.png:md5,8e4456b730ab72f0dcd5ed1895660df8",
                "PCAi_mqc.png:md5,2338d5fe0e447fc74d4969725546c136",
                "POSF_vs_NEGF_mqc.png:md5,0e1b5105e68a6e0c51471afce218abdb",
                "plot_normf_mqc.png:md5,6ffd3c11f8f5ddfbd3715e1780b10b01",
                "signature_scores_mqc.txt:md5,315dc730c79b02067b542074eaeb07b9",
                "signature_scores_qc_mqc.txt:md5,88ec48e1d7488357663557b378615923"
            ]
        ],
        "meta": {
            "nf-test": "0.9.0",
            "nextflow": "24.10.0"
        },
        "timestamp": "2024-11-15T17:36:06.621041238"
    }
}